// Jest Snapshot v1, https://goo.gl/fbAQLP

exports[`Home render 1`] = `
<header
  className="masthead bg-primary text-white text-center"
>
  <div
    className="container d-flex align-items-center flex-column"
  >
    <img
      alt=""
      className="masthead-avatar mb-5"
      src="img/avataaars.svg"
    />
    <h1
      className="masthead-heading text-uppercase mb-0"
    >
      Testing
    </h1>
  </div>
</header>
`;
